---
http_interactions:
- request:
    method: get
    uri: http://www.mapquestapi.com/geocoding/v1/address?key=N5w4TuBHSvvRAr3HVrvlt2kKpyfIwXTM&location=Los%20Angeles,%20CA
    body:
      encoding: US-ASCII
      string: ''
    headers:
      User-Agent:
      - Faraday v1.3.0
      Accept-Encoding:
      - gzip;q=1.0,deflate;q=0.6,identity;q=0.3
      Accept:
      - "*/*"
  response:
    status:
      code: 200
      message: OK
    headers:
      Date:
      - Fri, 05 Mar 2021 18:02:18 GMT
      Content-Type:
      - application/json;charset=UTF-8
      Content-Length:
      - '1049'
      Access-Control-Allow-Methods:
      - OPTIONS,GET,POST
      Access-Control-Allow-Origin:
      - "*"
      Cache-Control:
      - no-cache, must-revalidate
      Expires:
      - Mon, 20 Dec 1998 01:00:00 GMT
      Geocodetransactioncount:
      - '1'
      Last-Modified:
      - Fri, 05 Mar 2021 18:02:18 GMT
      Pragma:
      - no-cache
      Reversegeocodetransactioncount:
      - '0'
      Server:
      - Apache-Coyote/1.1
      Set-Cookie:
      - JSESSIONID=E4D499A19DEBAFA52D24B0B00BBDF7AD; Path=/; HttpOnly
      Status:
      - success
      Transactionweight:
      - '1.0'
    body:
      encoding: UTF-8
      string: '{"info":{"statuscode":0,"copyright":{"text":"\u00A9 2021 MapQuest,
        Inc.","imageUrl":"http://api.mqcdn.com/res/mqlogo.gif","imageAltText":"\u00A9
        2021 MapQuest, Inc."},"messages":[]},"options":{"maxResults":-1,"thumbMaps":true,"ignoreLatLngInput":false},"results":[{"providedLocation":{"location":"Los
        Angeles, CA"},"locations":[{"street":"","adminArea6":"","adminArea6Type":"Neighborhood","adminArea5":"Los
        Angeles","adminArea5Type":"City","adminArea4":"Los Angeles County","adminArea4Type":"County","adminArea3":"CA","adminArea3Type":"State","adminArea1":"US","adminArea1Type":"Country","postalCode":"","geocodeQualityCode":"A5XAX","geocodeQuality":"CITY","dragPoint":false,"sideOfStreet":"N","linkId":"282039899","unknownInput":"","type":"s","latLng":{"lat":34.052238,"lng":-118.243344},"displayLatLng":{"lat":34.052238,"lng":-118.243344},"mapUrl":"http://www.mapquestapi.com/staticmap/v5/map?key=N5w4TuBHSvvRAr3HVrvlt2kKpyfIwXTM&type=map&size=225,160&locations=34.052238,-118.243344|marker-sm-50318A-1&scalebar=true&zoom=12&rand=-1892509410"}]}]}'
  recorded_at: Fri, 05 Mar 2021 18:02:18 GMT
- request:
    method: get
    uri: http://www.mapquestapi.com/geocoding/v1/address?key=N5w4TuBHSvvRAr3HVrvlt2kKpyfIwXTM&location=Los%20Angeles,%20CA
    body:
      encoding: US-ASCII
      string: ''
    headers:
      User-Agent:
      - Faraday v1.3.0
      Accept-Encoding:
      - gzip;q=1.0,deflate;q=0.6,identity;q=0.3
      Accept:
      - "*/*"
  response:
    status:
      code: 200
      message: OK
    headers:
      Date:
      - Fri, 05 Mar 2021 18:02:19 GMT
      Content-Type:
      - application/json;charset=UTF-8
      Content-Length:
      - '1049'
      Access-Control-Allow-Methods:
      - OPTIONS,GET,POST
      Access-Control-Allow-Origin:
      - "*"
      Cache-Control:
      - no-cache, must-revalidate
      Expires:
      - Mon, 20 Dec 1998 01:00:00 GMT
      Geocodetransactioncount:
      - '1'
      Last-Modified:
      - Fri, 05 Mar 2021 18:02:19 GMT
      Pragma:
      - no-cache
      Reversegeocodetransactioncount:
      - '0'
      Server:
      - Apache-Coyote/1.1
      Set-Cookie:
      - JSESSIONID=E9AC462C35899EC1D2F12562845EC663; Path=/; HttpOnly
      Status:
      - success
      Transactionweight:
      - '1.0'
    body:
      encoding: UTF-8
      string: '{"info":{"statuscode":0,"copyright":{"text":"\u00A9 2021 MapQuest,
        Inc.","imageUrl":"http://api.mqcdn.com/res/mqlogo.gif","imageAltText":"\u00A9
        2021 MapQuest, Inc."},"messages":[]},"options":{"maxResults":-1,"thumbMaps":true,"ignoreLatLngInput":false},"results":[{"providedLocation":{"location":"Los
        Angeles, CA"},"locations":[{"street":"","adminArea6":"","adminArea6Type":"Neighborhood","adminArea5":"Los
        Angeles","adminArea5Type":"City","adminArea4":"Los Angeles County","adminArea4Type":"County","adminArea3":"CA","adminArea3Type":"State","adminArea1":"US","adminArea1Type":"Country","postalCode":"","geocodeQualityCode":"A5XAX","geocodeQuality":"CITY","dragPoint":false,"sideOfStreet":"N","linkId":"282039899","unknownInput":"","type":"s","latLng":{"lat":34.052238,"lng":-118.243344},"displayLatLng":{"lat":34.052238,"lng":-118.243344},"mapUrl":"http://www.mapquestapi.com/staticmap/v5/map?key=N5w4TuBHSvvRAr3HVrvlt2kKpyfIwXTM&type=map&size=225,160&locations=34.052238,-118.243344|marker-sm-50318A-1&scalebar=true&zoom=12&rand=-1899873678"}]}]}'
  recorded_at: Fri, 05 Mar 2021 18:02:19 GMT
- request:
    method: get
    uri: https://api.openweathermap.org/data/2.5/onecall?appid=9e07f696df861783af353e4ca56103ca&exclude=minutely&lat=34.052238&lon=-118.243344&units=imperial
    body:
      encoding: US-ASCII
      string: ''
    headers:
      User-Agent:
      - Faraday v1.3.0
      Accept-Encoding:
      - gzip;q=1.0,deflate;q=0.6,identity;q=0.3
      Accept:
      - "*/*"
  response:
    status:
      code: 200
      message: OK
    headers:
      Server:
      - openresty
      Date:
      - Fri, 05 Mar 2021 18:02:19 GMT
      Content-Type:
      - application/json; charset=utf-8
      Content-Length:
      - '15960'
      Connection:
      - keep-alive
      X-Cache-Key:
      - "/data/2.5/onecall?exclude=minutely&lat=34.05&lon=-118.24&units=imperial"
      Access-Control-Allow-Origin:
      - "*"
      Access-Control-Allow-Credentials:
      - 'true'
      Access-Control-Allow-Methods:
      - GET, POST
    body:
      encoding: UTF-8
      string: '{"lat":34.0522,"lon":-118.2433,"timezone":"America/Los_Angeles","timezone_offset":-28800,"current":{"dt":1614967339,"sunrise":1614953781,"sunset":1614995562,"temp":68.56,"feels_like":65.01,"pressure":1021,"humidity":30,"dew_point":35.92,"uvi":4.38,"clouds":1,"visibility":10000,"wind_speed":1.03,"wind_deg":141,"weather":[{"id":800,"main":"Clear","description":"clear
        sky","icon":"01d"}]},"hourly":[{"dt":1614967200,"temp":68.56,"feels_like":65.01,"pressure":1021,"humidity":30,"dew_point":35.92,"uvi":4.38,"clouds":1,"visibility":10000,"wind_speed":1.03,"wind_deg":141,"weather":[{"id":800,"main":"Clear","description":"clear
        sky","icon":"01d"}],"pop":0},{"dt":1614970800,"temp":69.85,"feels_like":65.61,"pressure":1021,"humidity":26,"dew_point":33.46,"uvi":5.75,"clouds":1,"visibility":10000,"wind_speed":1.59,"wind_deg":188,"weather":[{"id":800,"main":"Clear","description":"clear
        sky","icon":"01d"}],"pop":0},{"dt":1614974400,"temp":72.36,"feels_like":66.33,"pressure":1020,"humidity":22,"dew_point":31.5,"uvi":6.2,"clouds":0,"visibility":10000,"wind_speed":4.18,"wind_deg":236,"weather":[{"id":800,"main":"Clear","description":"clear
        sky","icon":"01d"}],"pop":0},{"dt":1614978000,"temp":74.35,"feels_like":67.23,"pressure":1019,"humidity":19,"dew_point":29.77,"uvi":5.53,"clouds":0,"visibility":10000,"wind_speed":5.66,"wind_deg":241,"weather":[{"id":800,"main":"Clear","description":"clear
        sky","icon":"01d"}],"pop":0},{"dt":1614981600,"temp":75.34,"feels_like":67.42,"pressure":1018,"humidity":18,"dew_point":29.32,"uvi":3.95,"clouds":0,"visibility":10000,"wind_speed":6.96,"wind_deg":241,"weather":[{"id":800,"main":"Clear","description":"clear
        sky","icon":"01d"}],"pop":0},{"dt":1614985200,"temp":74.07,"feels_like":64.83,"pressure":1017,"humidity":20,"dew_point":28.89,"uvi":2.21,"clouds":4,"visibility":10000,"wind_speed":9.66,"wind_deg":238,"weather":[{"id":800,"main":"Clear","description":"clear
        sky","icon":"01d"}],"pop":0},{"dt":1614988800,"temp":70.79,"feels_like":61.86,"pressure":1017,"humidity":23,"dew_point":31.86,"uvi":0.88,"clouds":5,"visibility":10000,"wind_speed":9.31,"wind_deg":240,"weather":[{"id":800,"main":"Clear","description":"clear
        sky","icon":"01d"}],"pop":0},{"dt":1614992400,"temp":69.06,"feels_like":60.51,"pressure":1016,"humidity":27,"dew_point":34.3,"uvi":0.19,"clouds":0,"visibility":10000,"wind_speed":9.28,"wind_deg":241,"weather":[{"id":800,"main":"Clear","description":"clear
        sky","icon":"01d"}],"pop":0},{"dt":1614996000,"temp":66.78,"feels_like":59.97,"pressure":1017,"humidity":31,"dew_point":35.29,"uvi":0,"clouds":0,"visibility":10000,"wind_speed":6.6,"wind_deg":238,"weather":[{"id":800,"main":"Clear","description":"clear
        sky","icon":"01n"}],"pop":0},{"dt":1614999600,"temp":65.71,"feels_like":60.03,"pressure":1017,"humidity":33,"dew_point":36.34,"uvi":0,"clouds":0,"visibility":10000,"wind_speed":4.81,"wind_deg":236,"weather":[{"id":800,"main":"Clear","description":"clear
        sky","icon":"01n"}],"pop":0},{"dt":1615003200,"temp":65.08,"feels_like":60.04,"pressure":1017,"humidity":34,"dew_point":36.1,"uvi":0,"clouds":2,"visibility":10000,"wind_speed":3.74,"wind_deg":226,"weather":[{"id":800,"main":"Clear","description":"clear
        sky","icon":"01n"}],"pop":0},{"dt":1615006800,"temp":64.4,"feels_like":59.88,"pressure":1017,"humidity":33,"dew_point":35.24,"uvi":0,"clouds":21,"visibility":10000,"wind_speed":2.39,"wind_deg":231,"weather":[{"id":801,"main":"Clouds","description":"few
        clouds","icon":"02n"}],"pop":0},{"dt":1615010400,"temp":63.64,"feels_like":59,"pressure":1017,"humidity":34,"dew_point":34.88,"uvi":0,"clouds":33,"visibility":10000,"wind_speed":2.66,"wind_deg":194,"weather":[{"id":802,"main":"Clouds","description":"scattered
        clouds","icon":"03n"}],"pop":0},{"dt":1615014000,"temp":62.06,"feels_like":56.79,"pressure":1017,"humidity":37,"dew_point":35.67,"uvi":0,"clouds":4,"visibility":10000,"wind_speed":3.98,"wind_deg":208,"weather":[{"id":800,"main":"Clear","description":"clear
        sky","icon":"01n"}],"pop":0},{"dt":1615017600,"temp":60.94,"feels_like":56.07,"pressure":1017,"humidity":40,"dew_point":36.73,"uvi":0,"clouds":2,"visibility":10000,"wind_speed":3.56,"wind_deg":168,"weather":[{"id":800,"main":"Clear","description":"clear
        sky","icon":"01n"}],"pop":0},{"dt":1615021200,"temp":59.7,"feels_like":54.84,"pressure":1017,"humidity":45,"dew_point":38.91,"uvi":0,"clouds":1,"visibility":10000,"wind_speed":4.14,"wind_deg":199,"weather":[{"id":800,"main":"Clear","description":"clear
        sky","icon":"01n"}],"pop":0},{"dt":1615024800,"temp":58.77,"feels_like":54.86,"pressure":1017,"humidity":48,"dew_point":39.31,"uvi":0,"clouds":10,"visibility":10000,"wind_speed":2.71,"wind_deg":224,"weather":[{"id":800,"main":"Clear","description":"clear
        sky","icon":"01n"}],"pop":0},{"dt":1615028400,"temp":58.37,"feels_like":55.11,"pressure":1017,"humidity":48,"dew_point":39.31,"uvi":0,"clouds":9,"visibility":10000,"wind_speed":1.43,"wind_deg":121,"weather":[{"id":800,"main":"Clear","description":"clear
        sky","icon":"01n"}],"pop":0},{"dt":1615032000,"temp":57.94,"feels_like":53.15,"pressure":1017,"humidity":50,"dew_point":39.56,"uvi":0,"clouds":8,"visibility":10000,"wind_speed":4.36,"wind_deg":125,"weather":[{"id":800,"main":"Clear","description":"clear
        sky","icon":"01n"}],"pop":0},{"dt":1615035600,"temp":57.38,"feels_like":52.86,"pressure":1017,"humidity":52,"dew_point":40.33,"uvi":0,"clouds":0,"visibility":10000,"wind_speed":4.05,"wind_deg":149,"weather":[{"id":800,"main":"Clear","description":"clear
        sky","icon":"01n"}],"pop":0},{"dt":1615039200,"temp":56.46,"feels_like":52.95,"pressure":1017,"humidity":56,"dew_point":41.14,"uvi":0,"clouds":0,"visibility":10000,"wind_speed":2.62,"wind_deg":133,"weather":[{"id":800,"main":"Clear","description":"clear
        sky","icon":"01n"}],"pop":0},{"dt":1615042800,"temp":57.06,"feels_like":52.68,"pressure":1017,"humidity":56,"dew_point":41.67,"uvi":0.26,"clouds":0,"visibility":10000,"wind_speed":4.36,"wind_deg":91,"weather":[{"id":800,"main":"Clear","description":"clear
        sky","icon":"01d"}],"pop":0},{"dt":1615046400,"temp":59.27,"feels_like":54.12,"pressure":1017,"humidity":52,"dew_point":41.72,"uvi":1.13,"clouds":0,"visibility":10000,"wind_speed":5.79,"wind_deg":99,"weather":[{"id":800,"main":"Clear","description":"clear
        sky","icon":"01d"}],"pop":0},{"dt":1615050000,"temp":61.81,"feels_like":56.25,"pressure":1017,"humidity":45,"dew_point":40.53,"uvi":2.64,"clouds":0,"visibility":10000,"wind_speed":6.02,"wind_deg":110,"weather":[{"id":800,"main":"Clear","description":"clear
        sky","icon":"01d"}],"pop":0},{"dt":1615053600,"temp":64.44,"feels_like":58.19,"pressure":1017,"humidity":39,"dew_point":39.11,"uvi":4.4,"clouds":0,"visibility":10000,"wind_speed":6.8,"wind_deg":118,"weather":[{"id":800,"main":"Clear","description":"clear
        sky","icon":"01d"}],"pop":0},{"dt":1615057200,"temp":66.9,"feels_like":60.04,"pressure":1017,"humidity":34,"dew_point":37.85,"uvi":5.79,"clouds":0,"visibility":10000,"wind_speed":7.45,"wind_deg":137,"weather":[{"id":800,"main":"Clear","description":"clear
        sky","icon":"01d"}],"pop":0},{"dt":1615060800,"temp":68.56,"feels_like":61.45,"pressure":1016,"humidity":31,"dew_point":37.11,"uvi":6.24,"clouds":0,"visibility":10000,"wind_speed":7.63,"wind_deg":164,"weather":[{"id":800,"main":"Clear","description":"clear
        sky","icon":"01d"}],"pop":0},{"dt":1615064400,"temp":69.22,"feels_like":62.28,"pressure":1016,"humidity":31,"dew_point":37.36,"uvi":5.57,"clouds":0,"visibility":10000,"wind_speed":7.52,"wind_deg":193,"weather":[{"id":800,"main":"Clear","description":"clear
        sky","icon":"01d"}],"pop":0},{"dt":1615068000,"temp":69.31,"feels_like":62.37,"pressure":1015,"humidity":31,"dew_point":37.6,"uvi":4.03,"clouds":0,"visibility":10000,"wind_speed":7.54,"wind_deg":212,"weather":[{"id":800,"main":"Clear","description":"clear
        sky","icon":"01d"}],"pop":0},{"dt":1615071600,"temp":68.74,"feels_like":61.27,"pressure":1014,"humidity":32,"dew_point":38.26,"uvi":2.27,"clouds":0,"visibility":10000,"wind_speed":8.55,"wind_deg":225,"weather":[{"id":800,"main":"Clear","description":"clear
        sky","icon":"01d"}],"pop":0},{"dt":1615075200,"temp":66.87,"feels_like":59.23,"pressure":1014,"humidity":38,"dew_point":40.73,"uvi":0.91,"clouds":0,"visibility":10000,"wind_speed":9.75,"wind_deg":232,"weather":[{"id":800,"main":"Clear","description":"clear
        sky","icon":"01d"}],"pop":0},{"dt":1615078800,"temp":64.92,"feels_like":58.12,"pressure":1014,"humidity":45,"dew_point":43.59,"uvi":0.19,"clouds":0,"visibility":10000,"wind_speed":9.24,"wind_deg":233,"weather":[{"id":800,"main":"Clear","description":"clear
        sky","icon":"01d"}],"pop":0},{"dt":1615082400,"temp":62.13,"feels_like":56.07,"pressure":1015,"humidity":53,"dew_point":45.18,"uvi":0,"clouds":0,"visibility":10000,"wind_speed":8.61,"wind_deg":226,"weather":[{"id":800,"main":"Clear","description":"clear
        sky","icon":"01n"}],"pop":0},{"dt":1615086000,"temp":60.35,"feels_like":55.54,"pressure":1016,"humidity":59,"dew_point":46.33,"uvi":0,"clouds":0,"visibility":10000,"wind_speed":6.87,"wind_deg":219,"weather":[{"id":800,"main":"Clear","description":"clear
        sky","icon":"01n"}],"pop":0},{"dt":1615089600,"temp":59.27,"feels_like":55.2,"pressure":1016,"humidity":63,"dew_point":46.96,"uvi":0,"clouds":0,"visibility":10000,"wind_speed":5.86,"wind_deg":208,"weather":[{"id":800,"main":"Clear","description":"clear
        sky","icon":"01n"}],"pop":0},{"dt":1615093200,"temp":58.26,"feels_like":55.62,"pressure":1017,"humidity":66,"dew_point":47.28,"uvi":0,"clouds":0,"visibility":10000,"wind_speed":3.44,"wind_deg":191,"weather":[{"id":800,"main":"Clear","description":"clear
        sky","icon":"01n"}],"pop":0},{"dt":1615096800,"temp":57.99,"feels_like":54.55,"pressure":1017,"humidity":65,"dew_point":46.67,"uvi":0,"clouds":0,"visibility":10000,"wind_speed":4.59,"wind_deg":123,"weather":[{"id":800,"main":"Clear","description":"clear
        sky","icon":"01n"}],"pop":0},{"dt":1615100400,"temp":58.06,"feels_like":54.28,"pressure":1017,"humidity":64,"dew_point":46.15,"uvi":0,"clouds":19,"visibility":10000,"wind_speed":5.03,"wind_deg":120,"weather":[{"id":801,"main":"Clouds","description":"few
        clouds","icon":"02n"}],"pop":0},{"dt":1615104000,"temp":57.56,"feels_like":53.49,"pressure":1017,"humidity":66,"dew_point":46.44,"uvi":0,"clouds":26,"visibility":10000,"wind_speed":5.7,"wind_deg":129,"weather":[{"id":802,"main":"Clouds","description":"scattered
        clouds","icon":"03n"}],"pop":0},{"dt":1615107600,"temp":56.37,"feels_like":51.48,"pressure":1017,"humidity":70,"dew_point":46.9,"uvi":0,"clouds":35,"visibility":10000,"wind_speed":7.34,"wind_deg":126,"weather":[{"id":802,"main":"Clouds","description":"scattered
        clouds","icon":"03n"}],"pop":0},{"dt":1615111200,"temp":55.71,"feels_like":51.93,"pressure":1016,"humidity":71,"dew_point":46.74,"uvi":0,"clouds":38,"visibility":10000,"wind_speed":5.23,"wind_deg":114,"weather":[{"id":802,"main":"Clouds","description":"scattered
        clouds","icon":"03n"}],"pop":0},{"dt":1615114800,"temp":55.56,"feels_like":52.34,"pressure":1016,"humidity":70,"dew_point":46.04,"uvi":0,"clouds":50,"visibility":10000,"wind_speed":4.05,"wind_deg":130,"weather":[{"id":802,"main":"Clouds","description":"scattered
        clouds","icon":"03n"}],"pop":0},{"dt":1615118400,"temp":55.22,"feels_like":51.85,"pressure":1016,"humidity":70,"dew_point":45.93,"uvi":0,"clouds":59,"visibility":10000,"wind_speed":4.16,"wind_deg":151,"weather":[{"id":803,"main":"Clouds","description":"broken
        clouds","icon":"04n"}],"pop":0},{"dt":1615122000,"temp":54.81,"feels_like":51.51,"pressure":1016,"humidity":72,"dew_point":46.27,"uvi":0,"clouds":100,"visibility":10000,"wind_speed":4.16,"wind_deg":165,"weather":[{"id":804,"main":"Clouds","description":"overcast
        clouds","icon":"04n"}],"pop":0},{"dt":1615125600,"temp":54.45,"feels_like":51.24,"pressure":1016,"humidity":74,"dew_point":46.69,"uvi":0,"clouds":100,"visibility":10000,"wind_speed":4.18,"wind_deg":146,"weather":[{"id":804,"main":"Clouds","description":"overcast
        clouds","icon":"04n"}],"pop":0},{"dt":1615129200,"temp":55,"feels_like":51.64,"pressure":1017,"humidity":73,"dew_point":46.65,"uvi":0.27,"clouds":100,"visibility":10000,"wind_speed":4.54,"wind_deg":124,"weather":[{"id":804,"main":"Clouds","description":"overcast
        clouds","icon":"04d"}],"pop":0},{"dt":1615132800,"temp":56.32,"feels_like":52.77,"pressure":1017,"humidity":69,"dew_point":46.49,"uvi":0.98,"clouds":100,"visibility":10000,"wind_speed":4.74,"wind_deg":114,"weather":[{"id":804,"main":"Clouds","description":"overcast
        clouds","icon":"04d"}],"pop":0},{"dt":1615136400,"temp":58.32,"feels_like":54.18,"pressure":1018,"humidity":63,"dew_point":45.82,"uvi":2.28,"clouds":100,"visibility":10000,"wind_speed":5.61,"wind_deg":113,"weather":[{"id":804,"main":"Clouds","description":"overcast
        clouds","icon":"04d"}],"pop":0}],"daily":[{"dt":1614974400,"sunrise":1614953781,"sunset":1614995562,"temp":{"day":72.36,"min":57.67,"max":75.34,"night":62.06,"eve":66.78,"morn":57.67},"feels_like":{"day":66.33,"night":56.79,"eve":59.97,"morn":53.33},"pressure":1020,"humidity":22,"dew_point":31.5,"wind_speed":4.18,"wind_deg":236,"weather":[{"id":800,"main":"Clear","description":"clear
        sky","icon":"01d"}],"clouds":0,"pop":0,"uvi":6.2},{"dt":1615060800,"sunrise":1615040104,"sunset":1615082010,"temp":{"day":68.56,"min":56.46,"max":69.31,"night":58.06,"eve":62.13,"morn":56.46},"feels_like":{"day":61.45,"night":54.28,"eve":56.07,"morn":52.95},"pressure":1016,"humidity":31,"dew_point":37.11,"wind_speed":7.63,"wind_deg":164,"weather":[{"id":800,"main":"Clear","description":"clear
        sky","icon":"01d"}],"clouds":0,"pop":0,"uvi":6.24},{"dt":1615147200,"sunrise":1615126425,"sunset":1615168459,"temp":{"day":64.38,"min":54.45,"max":66.24,"night":57.33,"eve":59.74,"morn":54.45},"feels_like":{"day":58.89,"night":52.86,"eve":55.98,"morn":51.24},"pressure":1017,"humidity":44,"dew_point":42.19,"wind_speed":6.51,"wind_deg":166,"weather":[{"id":804,"main":"Clouds","description":"overcast
        clouds","icon":"04d"}],"clouds":99,"pop":0,"uvi":5.85},{"dt":1615233600,"sunrise":1615212746,"sunset":1615254907,"temp":{"day":61.45,"min":55.74,"max":61.45,"night":55.74,"eve":58.71,"morn":56.14},"feels_like":{"day":56.01,"night":49.84,"eve":52.97,"morn":51.67},"pressure":1020,"humidity":50,"dew_point":42.69,"wind_speed":6.67,"wind_deg":238,"weather":[{"id":804,"main":"Clouds","description":"overcast
        clouds","icon":"04d"}],"clouds":93,"pop":0,"uvi":4.21},{"dt":1615320000,"sunrise":1615299067,"sunset":1615341355,"temp":{"day":61.09,"min":52.09,"max":61.09,"night":53.85,"eve":55.18,"morn":52.16},"feels_like":{"day":49.98,"night":48.69,"eve":46.69,"morn":46.02},"pressure":1020,"humidity":35,"dew_point":33.62,"wind_speed":13.71,"wind_deg":240,"weather":[{"id":500,"main":"Rain","description":"light
        rain","icon":"10d"}],"clouds":0,"pop":0.69,"rain":1.13,"uvi":6.02},{"dt":1615406400,"sunrise":1615385387,"sunset":1615427803,"temp":{"day":54.18,"min":50.85,"max":56.41,"night":52.65,"eve":53.69,"morn":51.66},"feels_like":{"day":48.4,"night":48.25,"eve":46.17,"morn":43.7},"pressure":1016,"humidity":56,"dew_point":38.89,"wind_speed":5.93,"wind_deg":124,"weather":[{"id":500,"main":"Rain","description":"light
        rain","icon":"10d"}],"clouds":100,"pop":1,"rain":8.34,"uvi":7},{"dt":1615492800,"sunrise":1615471706,"sunset":1615514251,"temp":{"day":63.75,"min":51.17,"max":63.75,"night":56.8,"eve":58.23,"morn":51.57},"feels_like":{"day":55.42,"night":53.01,"eve":52.52,"morn":47.37},"pressure":1019,"humidity":30,"dew_point":31.28,"wind_speed":8.37,"wind_deg":230,"weather":[{"id":800,"main":"Clear","description":"clear
        sky","icon":"01d"}],"clouds":0,"pop":0.19,"uvi":7},{"dt":1615579200,"sunrise":1615558026,"sunset":1615600698,"temp":{"day":64.83,"min":53.04,"max":64.83,"night":57.83,"eve":59.05,"morn":53.64},"feels_like":{"day":58.12,"night":55.22,"eve":54.25,"morn":49.48},"pressure":1021,"humidity":34,"dew_point":36.46,"wind_speed":6.64,"wind_deg":210,"weather":[{"id":800,"main":"Clear","description":"clear
        sky","icon":"01d"}],"clouds":0,"pop":0,"uvi":7}]}'
  recorded_at: Fri, 05 Mar 2021 18:02:19 GMT
recorded_with: VCR 6.0.0
